undo service-port 0
interface gpon 0/1
ont delete 0 0

 interface gpon 0/1
 ont add 0 0 sn-auth "48575443EF10DB9F" omci ont-lineprofile-id 13 ont-srvprofile-id 5 desc "ARMINDO PEROZO 0000000294"
 ont optical-alarm-profile 0 0 profile-id 3
 ont alarm-policy 0 0 policy-id 1
 ont ipconfig 0 0 ip-index 1 dhcp vlan 1242 priority 0
 ont internet-config 0 0 ip-index 1
 ont wan-config 0 0 ip-index 1 profile-id 0
 ont policy-route-config 0 0 profile-id 0
 ont fec 0 0 use-profile-config
 ont port route 0 0 eth 1 enable
 ont port route 0 0 eth 2 enable
 ont port route 0 0 eth 3 enable
 ont port route 0 0 eth 4 enable
 ont port route 0 0 eth 5 enable
 ont port route 0 0 eth 6 enable
 ont port route 0 0 eth 7 enable
 ont port route 0 0 eth 8 enable
quit
service-port 0 vlan 1242 gpon 0/1/0 ont 0 gemport 1 multi-service user-vlan 1242 tag-transform transparent inbound traffic-table index 212 outbound traffic-table index 212


